src/contexts/ChallengeContext.tsx(915,5): error TS1117: An object literal cannot have multiple properties with the same name.
src/contexts/ChallengeContext.tsx(917,5): error TS1117: An object literal cannot have multiple properties with the same name.
src/contexts/ChallengeContext.tsx(918,5): error TS1117: An object literal cannot have multiple properties with the same name.
src/contexts/ChallengeContext.tsx(921,5): error TS1117: An object literal cannot have multiple properties with the same name.
src/contexts/ChallengeContext.tsx(922,5): error TS1117: An object literal cannot have multiple properties with the same name.
src/contexts/ChallengeContext.tsx(923,5): error TS1117: An object literal cannot have multiple properties with the same name.
src/contexts/ChallengeContext.tsx(924,5): error TS1117: An object literal cannot have multiple properties with the same name.
src/contexts/ChallengeContext.tsx(925,5): error TS1117: An object literal cannot have multiple properties with the same name.
src/contexts/ChallengeContext.tsx(926,5): error TS1117: An object literal cannot have multiple properties with the same name.
src/contexts/ChallengeContext.tsx(927,5): error TS1117: An object literal cannot have multiple properties with the same name.
src/contexts/ChallengeContext.tsx(928,5): error TS1117: An object literal cannot have multiple properties with the same name.
src/contexts/ChallengeContext.tsx(929,5): error TS1117: An object literal cannot have multiple properties with the same name.
src/contexts/ChallengeContext.tsx(930,5): error TS1117: An object literal cannot have multiple properties with the same name.
src/contexts/ChallengeContext.tsx(933,5): error TS1117: An object literal cannot have multiple properties with the same name.
src/contexts/ChallengeContext.tsx(934,5): error TS1117: An object literal cannot have multiple properties with the same name.
src/contexts/ChallengeContext.tsx(935,5): error TS1117: An object literal cannot have multiple properties with the same name.
src/contexts/ChallengeContext.tsx(936,5): error TS1117: An object literal cannot have multiple properties with the same name.
src/contexts/ChallengeContext.tsx(937,5): error TS1117: An object literal cannot have multiple properties with the same name.
src/contexts/ChallengeContext.tsx(938,5): error TS1117: An object literal cannot have multiple properties with the same name.
src/contexts/ChallengeContext.tsx(939,5): error TS1117: An object literal cannot have multiple properties with the same name.
src/contexts/ChallengeContext.tsx(940,5): error TS1117: An object literal cannot have multiple properties with the same name.
src/contexts/ChallengeContext.tsx(941,5): error TS1117: An object literal cannot have multiple properties with the same name.
src/contexts/ChallengeContext.tsx(942,5): error TS1117: An object literal cannot have multiple properties with the same name.
src/contexts/ChallengeContext.tsx(945,5): error TS1117: An object literal cannot have multiple properties with the same name.
src/contexts/ChallengeContext.tsx(946,5): error TS1117: An object literal cannot have multiple properties with the same name.
src/contexts/ChallengeContext.tsx(947,5): error TS1117: An object literal cannot have multiple properties with the same name.
src/contexts/ChallengeContext.tsx(948,5): error TS1117: An object literal cannot have multiple properties with the same name.
src/contexts/ChallengeContext.tsx(949,5): error TS1117: An object literal cannot have multiple properties with the same name.
src/contexts/ChallengeContext.tsx(950,5): error TS1117: An object literal cannot have multiple properties with the same name.
src/contexts/ChallengeContext.tsx(953,5): error TS1117: An object literal cannot have multiple properties with the same name.
src/contexts/ChallengeContext.tsx(954,5): error TS1117: An object literal cannot have multiple properties with the same name.
src/contexts/ChallengeContext.tsx(955,5): error TS1117: An object literal cannot have multiple properties with the same name.
src/contexts/ChallengeContext.tsx(956,5): error TS1117: An object literal cannot have multiple properties with the same name.
src/contexts/ChallengeContext.tsx(957,5): error TS1117: An object literal cannot have multiple properties with the same name.
src/contexts/ChallengeContext.tsx(958,5): error TS1117: An object literal cannot have multiple properties with the same name.
src/contexts/ChallengeContext.tsx(959,5): error TS1117: An object literal cannot have multiple properties with the same name.
src/contexts/ChallengeContext.tsx(960,5): error TS1117: An object literal cannot have multiple properties with the same name.
src/contexts/ChallengeContext.tsx(961,5): error TS1117: An object literal cannot have multiple properties with the same name.
src/contexts/ChallengeContext.tsx(962,5): error TS1117: An object literal cannot have multiple properties with the same name.
src/contexts/ChallengeContext.tsx(963,5): error TS1117: An object literal cannot have multiple properties with the same name.
src/contexts/ChallengeContext.tsx(964,5): error TS1117: An object literal cannot have multiple properties with the same name.
src/contexts/ChallengeContext.tsx(965,5): error TS1117: An object literal cannot have multiple properties with the same name.
src/contexts/ChallengeContext.tsx(966,5): error TS1117: An object literal cannot have multiple properties with the same name.
src/contexts/ChallengeContext.tsx(967,5): error TS1117: An object literal cannot have multiple properties with the same name.
src/contexts/ChallengeContext.tsx(968,5): error TS1117: An object literal cannot have multiple properties with the same name.
src/contexts/ChallengeContext.tsx(969,5): error TS1117: An object literal cannot have multiple properties with the same name.
src/contexts/ChallengeContext.tsx(970,5): error TS1117: An object literal cannot have multiple properties with the same name.
src/contexts/ChallengeContext.tsx(971,5): error TS1117: An object literal cannot have multiple properties with the same name.
src/contexts/ChallengeContext.tsx(972,5): error TS1117: An object literal cannot have multiple properties with the same name.
src/contexts/ChallengeContext.tsx(975,5): error TS1117: An object literal cannot have multiple properties with the same name.
src/contexts/ChallengeContext.tsx(976,5): error TS1117: An object literal cannot have multiple properties with the same name.
src/contexts/ChallengeContext.tsx(977,5): error TS1117: An object literal cannot have multiple properties with the same name.
src/contexts/ChallengeContext.tsx(978,5): error TS1117: An object literal cannot have multiple properties with the same name.
src/contexts/ChallengeContext.tsx(979,5): error TS1117: An object literal cannot have multiple properties with the same name.
src/contexts/ChallengeContext.tsx(980,5): error TS1117: An object literal cannot have multiple properties with the same name.
src/contexts/ChallengeContext.tsx(981,5): error TS1117: An object literal cannot have multiple properties with the same name.
src/contexts/ChallengeContext.tsx(982,5): error TS1117: An object literal cannot have multiple properties with the same name.
src/contexts/ChallengeContext.tsx(983,5): error TS1117: An object literal cannot have multiple properties with the same name.
src/contexts/ChallengeContext.tsx(984,5): error TS1117: An object literal cannot have multiple properties with the same name.
src/contexts/ChallengeContext.tsx(985,5): error TS1117: An object literal cannot have multiple properties with the same name.
src/contexts/ChallengeContext.tsx(986,5): error TS1117: An object literal cannot have multiple properties with the same name.
src/contexts/ChallengeContext.tsx(987,5): error TS1117: An object literal cannot have multiple properties with the same name.
src/contexts/ChallengeContext.tsx(988,5): error TS1117: An object literal cannot have multiple properties with the same name.
src/contexts/ChallengeContext.tsx(989,5): error TS1117: An object literal cannot have multiple properties with the same name.
src/contexts/ChallengeContext.tsx(990,5): error TS1117: An object literal cannot have multiple properties with the same name.
src/contexts/ChallengeContext.tsx(991,5): error TS1117: An object literal cannot have multiple properties with the same name.
src/contexts/ChallengeContext.tsx(992,5): error TS1117: An object literal cannot have multiple properties with the same name.
src/contexts/ChallengeContext.tsx(993,5): error TS1117: An object literal cannot have multiple properties with the same name.
src/contexts/ChallengeContext.tsx(994,5): error TS1117: An object literal cannot have multiple properties with the same name.
src/contexts/ChallengeContext.tsx(995,5): error TS1117: An object literal cannot have multiple properties with the same name.
src/contexts/ChallengeContext.tsx(996,5): error TS1117: An object literal cannot have multiple properties with the same name.
src/contexts/ChallengeContext.tsx(997,5): error TS1117: An object literal cannot have multiple properties with the same name.
src/contexts/ChallengeContext.tsx(998,5): error TS1117: An object literal cannot have multiple properties with the same name.
src/contexts/ChallengeContext.tsx(999,5): error TS1117: An object literal cannot have multiple properties with the same name.
src/contexts/ChallengeContext.tsx(1000,5): error TS1117: An object literal cannot have multiple properties with the same name.
src/contexts/ChallengeContext.tsx(1001,5): error TS1117: An object literal cannot have multiple properties with the same name.
src/contexts/ChallengeContext.tsx(1002,5): error TS1117: An object literal cannot have multiple properties with the same name.
src/contexts/ChallengeContext.tsx(1003,5): error TS1117: An object literal cannot have multiple properties with the same name.
src/contexts/ChallengeContext.tsx(1004,5): error TS1117: An object literal cannot have multiple properties with the same name.
src/contexts/ChallengeContext.tsx(1007,5): error TS1117: An object literal cannot have multiple properties with the same name.
src/contexts/ChallengeContext.tsx(1008,5): error TS1117: An object literal cannot have multiple properties with the same name.
src/contexts/ChallengeContext.tsx(1009,5): error TS1117: An object literal cannot have multiple properties with the same name.
src/contexts/ChallengeContext.tsx(1010,5): error TS1117: An object literal cannot have multiple properties with the same name.
src/contexts/ChallengeContext.tsx(1011,5): error TS1117: An object literal cannot have multiple properties with the same name.
src/contexts/ChallengeContext.tsx(1012,5): error TS1117: An object literal cannot have multiple properties with the same name.
src/contexts/ChallengeContext.tsx(1013,5): error TS1117: An object literal cannot have multiple properties with the same name.
src/contexts/ChallengeContext.tsx(1014,5): error TS1117: An object literal cannot have multiple properties with the same name.
src/contexts/ChallengeContext.tsx(1015,5): error TS1117: An object literal cannot have multiple properties with the same name.
src/contexts/ChallengeContext.tsx(1016,5): error TS1117: An object literal cannot have multiple properties with the same name.
src/contexts/ChallengeContext.tsx(1017,5): error TS1117: An object literal cannot have multiple properties with the same name.
src/contexts/ChallengeContext.tsx(1018,5): error TS1117: An object literal cannot have multiple properties with the same name.
src/contexts/ChallengeContext.tsx(1019,5): error TS1117: An object literal cannot have multiple properties with the same name.
src/contexts/ChallengeContext.tsx(1020,5): error TS1117: An object literal cannot have multiple properties with the same name.
src/contexts/ChallengeContext.tsx(1021,5): error TS1117: An object literal cannot have multiple properties with the same name.
src/contexts/ChallengeContext.tsx(1022,5): error TS1117: An object literal cannot have multiple properties with the same name.
src/contexts/ChallengeContext.tsx(1023,5): error TS1117: An object literal cannot have multiple properties with the same name.
src/contexts/ChallengeContext.tsx(1024,5): error TS1117: An object literal cannot have multiple properties with the same name.
src/contexts/ChallengeContext.tsx(1025,5): error TS1117: An object literal cannot have multiple properties with the same name.
src/contexts/ChallengeContext.tsx(1026,5): error TS1117: An object literal cannot have multiple properties with the same name.
src/contexts/ChallengeContext.tsx(1027,5): error TS1117: An object literal cannot have multiple properties with the same name.
src/contexts/ChallengeContext.tsx(1028,5): error TS1117: An object literal cannot have multiple properties with the same name.
src/contexts/ChallengeContext.tsx(1029,5): error TS1117: An object literal cannot have multiple properties with the same name.
src/contexts/ChallengeContext.tsx(1030,5): error TS1117: An object literal cannot have multiple properties with the same name.
src/contexts/ChallengeContext.tsx(1031,5): error TS1117: An object literal cannot have multiple properties with the same name.
src/contexts/ChallengeContext.tsx(1032,5): error TS1117: An object literal cannot have multiple properties with the same name.
src/contexts/ChallengeContext.tsx(1033,5): error TS1117: An object literal cannot have multiple properties with the same name.
src/contexts/ChallengeContext.tsx(1034,5): error TS1117: An object literal cannot have multiple properties with the same name.
src/contexts/ChallengeContext.tsx(1035,5): error TS1117: An object literal cannot have multiple properties with the same name.
src/contexts/ChallengeContext.tsx(1036,5): error TS1117: An object literal cannot have multiple properties with the same name.
src/contexts/ChallengeContext.tsx(1037,5): error TS1117: An object literal cannot have multiple properties with the same name.
src/contexts/ChallengeContext.tsx(1038,5): error TS1117: An object literal cannot have multiple properties with the same name.
src/contexts/ChallengeContext.tsx(1039,5): error TS1117: An object literal cannot have multiple properties with the same name.
src/contexts/ChallengeContext.tsx(1040,5): error TS1117: An object literal cannot have multiple properties with the same name.
src/contexts/ChallengeContext.tsx(1041,5): error TS1117: An object literal cannot have multiple properties with the same name.
src/contexts/ChallengeContext.tsx(1042,5): error TS1117: An object literal cannot have multiple properties with the same name.
src/contexts/ChallengeContext.tsx(1043,5): error TS1117: An object literal cannot have multiple properties with the same name.
src/contexts/ChallengeContext.tsx(1044,5): error TS1117: An object literal cannot have multiple properties with the same name.
src/contexts/ChallengeContext.tsx(1045,5): error TS1117: An object literal cannot have multiple properties with the same name.
src/contexts/ChallengeContext.tsx(1046,5): error TS1117: An object literal cannot have multiple properties with the same name.
src/contexts/ChallengeContext.tsx(1047,5): error TS1117: An object literal cannot have multiple properties with the same name.
src/contexts/ChallengeContext.tsx(1048,5): error TS1117: An object literal cannot have multiple properties with the same name.
src/contexts/ChallengeContext.tsx(1049,5): error TS1117: An object literal cannot have multiple properties with the same name.
src/contexts/ChallengeContext.tsx(1050,5): error TS1117: An object literal cannot have multiple properties with the same name.
src/contexts/ChallengeContext.tsx(1051,5): error TS1117: An object literal cannot have multiple properties with the same name.
src/contexts/ChallengeContext.tsx(1052,5): error TS1117: An object literal cannot have multiple properties with the same name.
src/contexts/ChallengeContext.tsx(1053,5): error TS1117: An object literal cannot have multiple properties with the same name.
src/contexts/ChallengeContext.tsx(1054,5): error TS1117: An object literal cannot have multiple properties with the same name.
src/contexts/ChallengeContext.tsx(1055,5): error TS1117: An object literal cannot have multiple properties with the same name.
src/contexts/ChallengeContext.tsx(1056,5): error TS1117: An object literal cannot have multiple properties with the same name.
src/contexts/ChallengeContext.tsx(1057,5): error TS1117: An object literal cannot have multiple properties with the same name.
src/contexts/ChallengeContext.tsx(1058,5): error TS1117: An object literal cannot have multiple properties with the same name.
